// Bun Snapshot v1, https://goo.gl/fbAQLP

exports[`Audit Output Snapshots clean config audit output 1`] = `
"===========================================
Claude Code Configuration Audit Report
===========================================

OVERVIEW:
- Total projects: 4
- Total config size: 172 B
- MCP tools installed: 0
- Total permissions: 0

PROJECT TREE:
├── work/ (2 projects)
│   ├── api
│   └── frontend
├── personal/ (1 projects)
│   └── blog
└── test-api

RECOMMENDATIONS:
1. Backup before changes: cch backup

Run 'cch audit --fix' to interactively resolve issues."
`;

exports[`Audit Output Snapshots dangerous config audit output 1`] = `
"===========================================
Claude Code Configuration Audit Report
===========================================

OVERVIEW:
- Total projects: 4
- Total config size: 172 B
- MCP tools installed: 0
- Total permissions: 0

PROJECT TREE:
├── work/ (2 projects)
│   ├── api
│   └── frontend
├── personal/ (1 projects)
│   └── blog
└── test-api

RECOMMENDATIONS:
1. Backup before changes: cch backup

Run 'cch audit --fix' to interactively resolve issues."
`;

exports[`Audit Output Snapshots bloated config audit output 1`] = `
"===========================================
Claude Code Configuration Audit Report
===========================================

OVERVIEW:
- Total projects: 4
- Total config size: 172 B
- MCP tools installed: 0
- Total permissions: 0

PROJECT TREE:
├── work/ (2 projects)
│   ├── api
│   └── frontend
├── personal/ (1 projects)
│   └── blog
└── test-api

RECOMMENDATIONS:
1. Backup before changes: cch backup

Run 'cch audit --fix' to interactively resolve issues."
`;
